// Jest Snapshot v1, https://goo.gl/fbAQLP

exports[`CustomerDetailsScreen matches the snapshot 1`] = `
<View
  style={
    [
      {
        "backgroundColor": "#fff",
      },
      [
        {
          "flex": 1,
          "padding": 20,
        },
        {
          "alignItems": "center",
          "justifyContent": "center",
        },
      ],
    ]
  }
  testID="loading-indicator"
>
  <ActivityIndicator
    color="#000"
    size="large"
  />
</View>
`;
